mc_interface.c:59:13:MCI_Init	4	static
mc_interface.c:86:13:MCI_ExecSpeedRamp	0	static
mc_interface.c:112:13:MCI_ExecTorqueRamp	8	static
mc_interface.c:132:13:MCI_SetCurrentReferences	16	static
mc_interface.c:162:13:MCI_StartMotor	8	static
mc_interface.c:189:13:MCI_StopMotor	0	static
mc_interface.c:203:13:MCI_FaultAcknowledged	0	static
mc_interface.c:223:13:MCI_EncoderAlign	0	static
mc_interface.c:236:13:MCI_ExecBufferedCommands	8	static
mc_interface.c:296:28:MCI_IsCommandAcknowledged	0	static
mc_interface.c:313:17:MCI_GetSTMState	0	static
mc_interface.c:329:17:MCI_GetOccurredFaults	8	static
mc_interface.c:343:17:MCI_GetCurrentFaults	8	static
mc_interface.c:354:23:MCI_GetControlMode	0	static
mc_interface.c:366:16:MCI_GetImposedMotorDirection	0	static
mc_interface.c:403:16:MCI_GetLastRampFinalSpeed	0	static
mc_interface.c:420:13:MCI_RampCompleted	8	static
mc_interface.c:437:13:MCI_StopSpeedRamp	0	static
mc_interface.c:450:13:MCI_GetSpdSensorReliability	8	static
mc_interface.c:463:16:MCI_GetAvrgMecSpeedUnit	8	static
mc_interface.c:476:16:MCI_GetMecSpeedRefUnit	0	static
mc_interface.c:487:13:MCI_GetIab	8	static
mc_interface.c:497:20:MCI_GetIalphabeta	8	static
mc_interface.c:507:13:MCI_GetIqd	8	static
mc_interface.c:518:13:MCI_GetIqdHF	8	static
mc_interface.c:528:13:MCI_GetIqdref	8	static
mc_interface.c:538:13:MCI_GetVqd	8	static
mc_interface.c:548:20:MCI_GetValphabeta	8	static
mc_interface.c:559:16:MCI_GetElAngledpp	0	static
mc_interface.c:570:16:MCI_GetTeref	0	static
mc_interface.c:582:16:MCI_GetPhaseCurrentAmplitude	8	static
mc_interface.c:609:16:MCI_GetPhaseVoltageAmplitude	8	static
mc_interface.c:638:13:MCI_SetIdref	0	static
mc_interface.c:649:13:MCI_Clear_Iqdref	8	static
