r3_2_g4xx_pwm_curr_fdbk.c:467:13:R3_2_GetPhaseCurrents	16	static
r3_2_g4xx_pwm_curr_fdbk.c:633:10:R3_2_SetADCSampPointPolarization	4	static
r3_2_g4xx_pwm_curr_fdbk.c:662:10:R3_2_SetADCSampPointSectX	12	static
r3_2_g4xx_pwm_curr_fdbk.c:774:13:R3_2_HFCurrentsPolarizationAB	12	static
r3_2_g4xx_pwm_curr_fdbk.c:812:13:R3_2_HFCurrentsPolarizationC	4	static
r3_2_g4xx_pwm_curr_fdbk.c:846:13:R3_2_TurnOnLowSides	12	static
r3_2_g4xx_pwm_curr_fdbk.c:890:13:R3_2_SwitchOnPWM	16	static
r3_2_g4xx_pwm_curr_fdbk.c:948:13:R3_2_SwitchOffPWM	8	static
r3_2_g4xx_pwm_curr_fdbk.c:1375:13:R3_2_RLGetPhaseCurrents	8	static
r3_2_g4xx_pwm_curr_fdbk.c:1420:13:R3_2_RLTurnOnLowSides	12	static
r3_2_g4xx_pwm_curr_fdbk.c:1460:13:R3_2_RLSwitchOnPWM	24	static
r3_2_g4xx_pwm_curr_fdbk.c:82:13:R3_2_Init	48	static
r3_2_g4xx_pwm_curr_fdbk.c:355:13:R3_2_CurrentReadingPolarization	24	static
r3_2_g4xx_pwm_curr_fdbk.c:1004:15:R3_2_TIMx_UP_IRQHandler	24	static
r3_2_g4xx_pwm_curr_fdbk.c:1058:15:R3_2_BRK2_IRQHandler	8	static
r3_2_g4xx_pwm_curr_fdbk.c:1086:15:R3_2_BRK_IRQHandler	0	static
r3_2_g4xx_pwm_curr_fdbk.c:1103:17:R3_2_IsOverCurrentOccurred	0	static
r3_2_g4xx_pwm_curr_fdbk.c:1173:6:R3_2_RLDetectionModeEnable	8	static
r3_2_g4xx_pwm_curr_fdbk.c:1230:6:R3_2_RLDetectionModeDisable	12	static
r3_2_g4xx_pwm_curr_fdbk.c:1313:10:R3_2_RLDetectionModeSetDuty	12	static
r3_2_g4xx_pwm_curr_fdbk.c:1526:6:RLTurnOnLowSidesAndStart	8	static
