stm32g4xx_hal_fmac.c:381:19:HAL_FMAC_Init	16	static
stm32g4xx_hal_fmac.c:452:19:HAL_FMAC_DeInit	16	static
stm32g4xx_hal_fmac.c:500:13:HAL_FMAC_MspInit	16	static
stm32g4xx_hal_fmac.c:515:13:HAL_FMAC_MspDeInit	16	static
stm32g4xx_hal_fmac.c:789:19:HAL_FMAC_FilterConfig	16	static
stm32g4xx_hal_fmac.c:804:19:HAL_FMAC_FilterConfig_DMA	16	static
stm32g4xx_hal_fmac.c:828:19:HAL_FMAC_FilterPreload	32	static
stm32g4xx_hal_fmac.c:853:19:HAL_FMAC_FilterPreload_DMA	32	static
stm32g4xx_hal_fmac.c:871:19:HAL_FMAC_FilterStart	32	static
stm32g4xx_hal_fmac.c:959:19:HAL_FMAC_AppendFilterData	24	static
stm32g4xx_hal_fmac.c:1013:19:HAL_FMAC_ConfigFilterOutputBuffer	24	static
stm32g4xx_hal_fmac.c:1070:19:HAL_FMAC_PollFilterData	24	static
stm32g4xx_hal_fmac.c:1187:19:HAL_FMAC_FilterStop	16	static
stm32g4xx_hal_fmac.c:1265:13:HAL_FMAC_ErrorCallback	16	static
stm32g4xx_hal_fmac.c:1281:13:HAL_FMAC_HalfGetDataCallback	16	static
stm32g4xx_hal_fmac.c:1297:13:HAL_FMAC_GetDataCallback	16	static
stm32g4xx_hal_fmac.c:1313:13:HAL_FMAC_HalfOutputDataReadyCallback	16	static
stm32g4xx_hal_fmac.c:1329:13:HAL_FMAC_OutputDataReadyCallback	16	static
stm32g4xx_hal_fmac.c:1345:13:HAL_FMAC_FilterConfigCallback	16	static
stm32g4xx_hal_fmac.c:1361:13:HAL_FMAC_FilterPreloadCallback	16	static
stm32g4xx_hal_fmac.c:1394:6:HAL_FMAC_IRQHandler	24	static
stm32g4xx_hal_fmac.c:1509:23:HAL_FMAC_GetState	16	static
stm32g4xx_hal_fmac.c:1522:10:HAL_FMAC_GetError	16	static
stm32g4xx_hal_fmac.c:1550:26:FMAC_Reset	24	static
stm32g4xx_hal_fmac.c:1578:13:FMAC_ResetDataPointers	16	static
stm32g4xx_hal_fmac.c:1589:13:FMAC_ResetInputStateAndDataPointers	16	static
stm32g4xx_hal_fmac.c:1602:13:FMAC_ResetOutputStateAndDataPointers	16	static
stm32g4xx_hal_fmac.c:1619:26:FMAC_FilterConfig	32	static
stm32g4xx_hal_fmac.c:1831:26:FMAC_FilterPreload	32	static
stm32g4xx_hal_fmac.c:1978:13:FMAC_WritePreloadDataIncrementPtr	32	static
stm32g4xx_hal_fmac.c:1997:26:FMAC_WaitOnStartUntilTimeout	24	static
stm32g4xx_hal_fmac.c:2023:26:FMAC_AppendFilterDataUpdateState	24	static
stm32g4xx_hal_fmac.c:2069:26:FMAC_ConfigFilterOutputBufferUpdateState	24	static
stm32g4xx_hal_fmac.c:2124:13:FMAC_ReadDataIncrementPtr	32	static
stm32g4xx_hal_fmac.c:2188:13:FMAC_WriteDataIncrementPtr	24	static
stm32g4xx_hal_fmac.c:2247:13:FMAC_DMAHalfGetData	24	static
stm32g4xx_hal_fmac.c:2264:13:FMAC_DMAGetData	24	static
stm32g4xx_hal_fmac.c:2284:13:FMAC_DMAHalfOutputDataReady	24	static
stm32g4xx_hal_fmac.c:2301:13:FMAC_DMAOutputDataReady	24	static
stm32g4xx_hal_fmac.c:2321:13:FMAC_DMAFilterConfig	24	static
stm32g4xx_hal_fmac.c:2396:13:FMAC_DMAFilterPreload	24	static
stm32g4xx_hal_fmac.c:2478:13:FMAC_DMAError	24	static
