main.c:111:5:main	96	static
main.c:218:6:SystemClock_Config	152	static
main.c:277:13:MX_ADC2_Init	40	static
main.c:334:13:MX_CRC_Init	8	static
main.c:365:13:MX_FDCAN1_Init	8	static
main.c:408:13:MX_FMAC_Init	8	static
main.c:434:13:MX_I2C1_Init	8	static
main.c:480:13:MX_TIM1_Init	120	static
main.c:562:13:MX_TIM2_Init	40	static
main.c:607:13:MX_TIM4_Init	40	static
main.c:652:13:MX_TIM8_Init	104	static
main.c:724:13:MX_USART1_UART_Init	8	static
main.c:773:13:MX_USART2_UART_Init	8	static
main.c:819:13:MX_DMA_Init	24	static
main.c:860:13:MX_GPIO_Init	48	static
main.c:919:6:StartDefaultTask	32	static
main.c:956:6:Read_IMU	16	static
main.c:980:6:Update_ESC	16	static
main.c:995:6:HAL_TIM_PeriodElapsedCallback	16	static
main.c:1012:6:Error_Handler	4	static
