stm32g4xx_it.c:82:6:NMI_Handler	4	static
stm32g4xx_it.c:95:6:HardFault_Handler	4	static
stm32g4xx_it.c:110:6:MemManage_Handler	4	static
stm32g4xx_it.c:125:6:BusFault_Handler	4	static
stm32g4xx_it.c:140:6:UsageFault_Handler	4	static
stm32g4xx_it.c:155:6:DebugMon_Handler	4	static
stm32g4xx_it.c:175:6:DMA1_Channel1_IRQHandler	8	static
stm32g4xx_it.c:189:6:DMA1_Channel2_IRQHandler	8	static
stm32g4xx_it.c:203:6:DMA1_Channel3_IRQHandler	8	static
stm32g4xx_it.c:217:6:DMA1_Channel4_IRQHandler	8	static
stm32g4xx_it.c:231:6:DMA1_Channel5_IRQHandler	8	static
stm32g4xx_it.c:245:6:DMA1_Channel6_IRQHandler	8	static
stm32g4xx_it.c:259:6:TIM1_TRG_COM_TIM17_IRQHandler	8	static
stm32g4xx_it.c:274:6:DMA2_Channel1_IRQHandler	8	static
stm32g4xx_it.c:288:6:DMA2_Channel3_IRQHandler	8	static
