mc_api.c:69:13:MC_StartMotor1	0	static
mc_api.c:89:13:MC_StopMotor1	0	static
mc_api.c:125:13:MC_ProgramSpeedRampMotor1	0	static
mc_api.c:161:13:MC_ProgramTorqueRampMotor1	0	static
mc_api.c:186:13:MC_SetCurrentReferenceMotor1	8	static
mc_api.c:202:28:MC_GetCommandStateMotor1	0	static
mc_api.c:214:13:MC_StopSpeedRampMotor1	0	static
mc_api.c:222:13:MC_HasRampCompletedMotor1	0	static
mc_api.c:230:16:MC_GetMecSpeedReferenceMotor1	0	static
mc_api.c:238:16:MC_GetMecSpeedAverageMotor1	0	static
mc_api.c:246:16:MC_GetLastRampFinalSpeedMotor1	0	static
mc_api.c:254:23:MC_GetControlModeMotor1	0	static
mc_api.c:270:16:MC_GetImposedDirectionMotor1	0	static
mc_api.c:278:13:MC_GetSpeedSensorReliabilityMotor1	0	static
mc_api.c:293:16:MC_GetPhaseCurrentAmplitudeMotor1	0	static
mc_api.c:308:16:MC_GetPhaseVoltageAmplitudeMotor1	0	static
mc_api.c:316:13:MC_GetIabMotor1	8	static
mc_api.c:324:20:MC_GetIalphabetaMotor1	8	static
mc_api.c:332:13:MC_GetIqdMotor1	8	static
mc_api.c:340:13:MC_GetIqdrefMotor1	8	static
mc_api.c:348:13:MC_GetVqdMotor1	8	static
mc_api.c:356:20:MC_GetValphabetaMotor1	8	static
mc_api.c:364:16:MC_GetElAngledppMotor1	0	static
mc_api.c:372:16:MC_GetTerefMotor1	0	static
mc_api.c:386:13:MC_SetIdrefMotor1	0	static
mc_api.c:399:13:MC_Clear_IqdrefMotor1	0	static
mc_api.c:424:13:MC_AlignEncoderMotor1	0	static
mc_api.c:437:13:MC_AcknowledgeFaultMotor1	0	static
mc_api.c:451:17:MC_GetOccurredFaultsMotor1	0	static
mc_api.c:465:17:MC_GetCurrentFaultsMotor1	0	static
mc_api.c:473:17:MC_GetSTMStateMotor1	0	static
