mc_tasks.c:544:13:FOC_Clear	24	static
mc_tasks.c:124:13:MCboot	64	static
mc_tasks.c:580:13:FOC_InitAdditionalMethods	0	static
mc_tasks.c:597:13:FOC_CalcCurrRef	8	static
mc_tasks.c:620:13:TSK_SetChargeBootCapDelayM1	0	static
mc_tasks.c:631:13:TSK_ChargeBootCapDelayHasElapsedM1	0	static
mc_tasks.c:647:13:TSK_SetStopPermanencyTimeM1	0	static
mc_tasks.c:658:13:TSK_StopPermanencyTimeHasElapsedM1	0	static
mc_tasks.c:325:13:TSK_MediumFrequencyTaskM1	16	static
mc_tasks.c:280:13:MC_Scheduler	16	static
mc_tasks.c:264:13:MC_RunMotorControlTasks	8	static
mc_tasks.c:683:16:TSK_HighFrequencyTask	48	static
mc_tasks.c:796:13:TSK_SafetyTask_PWMOFF	24	static
mc_tasks.c:774:13:TSK_SafetyTask	8	static
mc_tasks.c:852:23:GetMCI	0	static
mc_tasks.c:871:22:GetMCT	0	static
mc_tasks.c:887:13:TSK_HardwareFaultTask	8	static
mc_tasks.c:901:6:startMediumFrequencyTask	8	static
mc_tasks.c:918:6:StartSafetyTask	8	static
mc_tasks.c:934:13:mc_lock_pins	96	static
