stm32g4xx_hal_msp.c:66:6:HAL_MspInit	16	static
stm32g4xx_hal_msp.c:96:6:HAL_ADC_MspInit	48	static
stm32g4xx_hal_msp.c:165:6:HAL_ADC_MspDeInit	8	static
stm32g4xx_hal_msp.c:239:6:HAL_COMP_MspInit	40	static
stm32g4xx_hal_msp.c:308:6:HAL_COMP_MspDeInit	0	static
stm32g4xx_hal_msp.c:364:6:HAL_CRC_MspInit	8	static
stm32g4xx_hal_msp.c:386:6:HAL_CRC_MspDeInit	0	static
stm32g4xx_hal_msp.c:408:6:HAL_DAC_MspInit	48	static
stm32g4xx_hal_msp.c:444:6:HAL_DAC_MspDeInit	8	static
stm32g4xx_hal_msp.c:474:6:HAL_FDCAN_MspInit	48	static
stm32g4xx_hal_msp.c:518:6:HAL_FDCAN_MspDeInit	8	static
stm32g4xx_hal_msp.c:549:6:HAL_OPAMP_MspInit	40	static
stm32g4xx_hal_msp.c:624:6:HAL_OPAMP_MspDeInit	0	static
stm32g4xx_hal_msp.c:686:6:HAL_TIM_Base_MspInit	8	static
stm32g4xx_hal_msp.c:708:6:HAL_TIM_Encoder_MspInit	40	static
stm32g4xx_hal_msp.c:738:6:HAL_TIM_MspPostInit	48	static
stm32g4xx_hal_msp.c:791:6:HAL_TIM_Base_MspDeInit	8	static
stm32g4xx_hal_msp.c:817:6:HAL_TIM_Encoder_MspDeInit	8	static
stm32g4xx_hal_msp.c:848:6:HAL_UART_MspInit	48	static
stm32g4xx_hal_msp.c:884:6:HAL_UART_MspDeInit	8	static
