user_interface.c:64:13:UI_Init	8	static
user_interface.c:82:13:UI_SelectMC	0	static
user_interface.c:101:16:UI_GetSelectedMC	0	static
user_interface.c:113:17:UI_GetSelectedMCConfig	0	static
user_interface.c:126:13:UI_SetReg	32	static
user_interface.c:599:13:UI_ExecCmd	8	static
user_interface.c:688:13:UI_ExecSpeedRamp	8	static
user_interface.c:706:13:UI_ExecTorqueRamp	8	static
user_interface.c:732:13:UI_GetRevupData	24	static
user_interface.c:763:13:UI_SetRevupData	24	static
user_interface.c:784:13:UI_SetCurrentReferences	8	static
user_interface.c:804:13:UI_GetMPInfo	0	static
user_interface.c:814:13:UI_DACInit	0	static
user_interface.c:827:6:UI_DACExec	0	static
user_interface.c:845:6:UI_SetDAC	0	static
user_interface.c:862:26:UI_GetDAC	0	static
user_interface.c:244:16:UI_GetReg	64	static
user_interface.c:879:13:UI_SetUserDAC	0	static
